RAM Allocation [bytes]
Variable                                                                          Address   Size
------------------------------------------------------------------------------------------------
current_state (config.c)                                                          0x01B0       1
_base_y (alcd.lib)                                                                0x01B1       4

EEPROM Allocation [bytes]
Variable                                                                          Address   Size
------------------------------------------------------------------------------------------------

Register Allocation
Variable                                                                          Register  Size
------------------------------------------------------------------------------------------------
_lcd_x                                                                            R5           1
_lcd_y                                                                            R4           1
_lcd_maxx                                                                         R7           1

FLASH Allocation [words]
Function                                                                          Address   Size
------------------------------------------------------------------------------------------------
main                                                                              0x0009C      7
SystemInit                                                                        0x000A3      2
SystemUpdate                                                                      0x000A5      4
LCDInit                                                                           0x000A9      9
LCDUpdate                                                                         0x000B2     28
_lcd_write_nibble_G100                                                            0x000CE     21
_lcd_write_data                                                                   0x000E3     13
lcd_gotoxy                                                                        0x000F0     18
lcd_clear                                                                         0x00102     10
lcd_putchar                                                                       0x0010C     19
lcd_puts                                                                          0x0011F     15
lcd_init                                                                          0x0012E     43
