RAM Allocation [bytes]
Variable                                                                          Address   Size
------------------------------------------------------------------------------------------------
current_state (config.c)                                                          0x0261       1
password (password.c)                                                             0x0262       4
password_length (password.c)                                                      0x0266       1
password_incorrect (password.c)                                                   0x0267       1
password_entry_active (password.c)                                                0x0268       1
flag_tim1 (timer.c)                                                               0x0269       1
_base_y (alcd.lib)                                                                0x026A       4

EEPROM Allocation [bytes]
Variable                                                                          Address   Size
------------------------------------------------------------------------------------------------

Register Allocation
Variable                                                                          Register  Size
------------------------------------------------------------------------------------------------
lcd_update_pending                                                                R2.0      1bit
_lcd_x                                                                            R5           1
_lcd_y                                                                            R4           1
_lcd_maxx                                                                         R7           1

FLASH Allocation [words]
Function                                                                          Address   Size
------------------------------------------------------------------------------------------------
main                                                                              0x00109      4
SystemInit                                                                        0x0010D      4
SystemUpdate                                                                      0x00111      8
LCDInit                                                                           0x00119      9
LCDUpdate                                                                         0x00122     69
timer1_compa_isr                                                                  0x00167     12
TIMER1Init                                                                        0x00173      9
_lcd_write_nibble_G100                                                            0x0017C     21
_lcd_write_data                                                                   0x00191     13
lcd_gotoxy                                                                        0x0019E     18
lcd_clear                                                                         0x001B0     10
lcd_putchar                                                                       0x001BA     19
lcd_puts                                                                          0x001CD     15
lcd_init                                                                          0x001DC     43
